[www.asb.com/index.html]
[backblue.gif]
[fade.gif]
[index.html]
[www.asb.com/assets/css/main.min585f.css]
[ajax.googleapis.com/ajax/libs/webfont/1.6.26/webfont.js]
[acsbapp.com/apps/app/dist/js/app.js]
[www.asb.com/assets/img/american-state-bank-logo-white.svg]
[www.asb.com/assets/img/american-state-bank-logo-gold.svg]
[www.asb.com/business/business-checking.html]
[www.asb.com/business/business-banking.html]
[www.asb.com/business/business-loans.html]
[www.asb.com/business/business-credit-cards.html]
[www.asb.com/business/business-services.html]
[www.asb.com/business/cash-management.html]
[www.asb.com/personal/personal-checking.html]
[www.asb.com/personal/personal-savings.html]
[www.asb.com/personal/personal-loans.html]
[www.asb.com/personal/personal-credit-cards.html]
[www.asb.com/personal/15-month-flex-cd.html]
[www.asb.com/personal/cds-iras.html]
[www.asb.com/personal/other-services.html]
[www.asb.com/personal/schedule-of-fees.html]
[www.asb.com/financial-calculators.html]
[www.asb.com/digital/digital-banking.html]
[www.asb.com/digital/online-account-opening.html]
[www.asb.com/digital/telephone-banking.html]
[www.asb.com/digital/online-banking-security-tips.html]
[www.asb.com/digital/zelle.html]
[www.asb.com/investor-relations/steele-bancshares-inc.html]
[www.asb.com/investor-relations/american-state-bank-mahomes-partnership.html]
[www.asb.com/investor-relations/mahomes-nominated-for-walter-payton-nfl-man-of-the-year.html]
[www.asb.com/about/our-story.html]
[www.asb.com/about/careers.html]
[www.asb.com/about/locations-and-atms.html]
[www.asb.com/about/contact-us.html]
[www.asb.com/about/types-of-support.html]
[www.asb.com/assets/files/nXqWDoMG/Hero image PAtrick Mahomes.jpg]
[www.asb.com/assets/files/GkQytvpM/Hero patrick flexing tech uniform.png]
[www.asb.com/assets/files/sLo0P4Fw/icon-phone-30px.png]
[www.asb.com/assets/files/1b8CrOcD/icon-business-30px.png]
[www.asb.com/assets/files/8BoMAWjb/icon-savings-30px.png]
[www.asb.com/assets/files/Wn8N4q5z/icon-investment-30px.png]
[www.asb.com/assets/files/ouoXbS3F/icon-creditcards-30px.png]
[www.asb.com/assets/files/NoUvGU0D/icon-rates-30px.png]
[www.asb.com/deposit-rates.html]
[www.asb.com/assets/files/rdNTIIcf/wide-ad_personal.jpg]
[www.asb.com/assets/files/RnyCm8Zi/icon-locations-30px.png]
[www.asb.com/assets/files/9A1qSEB5/icon-envelope-30px.png]
[www.asb.com/assets/files/cqkZhb1D/icon-careers-30px.png]
[www.asb.com/assets/img/app-store.png]
[www.asb.com/assets/img/google-play.png]
[www.asb.com/usa-patriot-act.html]
[www.asb.com/privacy-policy.html]
[www.asb.com/childrens-online-privacy-policy-protection-act.html]
[www.asb.com/consumer-complaint-notice.html]
[www.asb.com/terms-and-conditions.html]
[www.asb.com/sitemap.html]
[banno.com/a/monitor/api/badge/badge.min.js]
[www.asb.com/assets/js/jquery.min.js]
[www.asb.com/assets/js/script.min7a76.js]
[www.asb.com/assets/target/disclaimers22e5.js]
[www.asb.com/index.html]
[www.asb.com/assets/css/main.min585f.css]
[www.googletagmanager.com/gtm5445.html]
[www.asb.com/app/index.html]
[acsbapp.com/apps/app/dist/media/whl.jpg]
[www.asb.com/dist/audio/index.html]
[www.asb.com/dist/js/app.js]
[acsbapp.com/apps/app/dist/js/app.js]
[www.asb.com/assets/img/american-state-bank-logo-white.svg]
[www.asb.com/assets/img/american-state-bank-logo-gold.svg]
[www.asb.com/indexde0b.html]
[www.asb.com/Trident/index.html]
[www.asb.com/indexdca0.html]
[www.asb.com/assets/files/zkxuavE0/subheader_business06.jpg]
[www.asb.com/business/business-checking.html]
[www.asb.com/assets/files/qpfwo6n7/man sitting at desk with computers and documents.png]
[www.asb.com/assets/files/ToJPxznl/subheader_business09.jpg]
[www.asb.com/business/business-banking.html]
[www.asb.com/assets/files/Mhsq13tz/wide-ad_digitalbanking01.jpg]
[www.asb.com/assets/files/aHfiarbO/subheader_business11.jpg]
[www.asb.com/assets/files/yMy59XWn/wide-ad_community.jpg]
[www.asb.com/business/business-loans.html]
[www.asb.com/assets/files/MuwJkCsG/subheader_business02.jpg]
[www.asb.com/business/business-credit-cards.html]
[www.asb.com/assets/files/xlStVJ7M/icon-community2-30px.png]
[www.asb.com/assets/files/RCGJmUwl/subheader_business16.jpg]
[www.asb.com/business/business-services.html]
[www.asb.com/assets/files/e1j3e88U/subheader_business13.jpg]
[www.asb.com/business/cash-management.html]
[www.asb.com/assets/files/Lll2FICz/header-mature-couple-kitchen.jpg]
[www.asb.com/personal/personal-checking.html]
[www.asb.com/assets/files/f0BNaATe/header_kids.jpg]
[www.asb.com/personal/personal-savings.html]
[www.asb.com/assets/files/ibhC5UGA/sub-header-personalloan.jpg]
[www.asb.com/assets/files/vnT0vE6i/wide-ad_digitalbanking02.jpg]
[www.asb.com/personal/personal-loans.html]
[www.asb.com/assets/files/c8xoLh8t/header_pay-with-card.jpg]
[www.asb.com/personal/personal-credit-cards.html]
[www.asb.com/assets/files/wLFyqEqj/header-topic Patrick Mahomes.png]
[www.asb.com/personal/15-month-flex-cd.html]
[www.asb.com/assets/files/0qM3iROh/header-couple-laptop-kitchen.jpg]
[www.asb.com/personal/cds-iras.html]
[www.asb.com/assets/files/HPo5XEIF/header-couple-couch-phone.jpg]
[www.asb.com/personal/other-services.html]
[www.asb.com/assets/files/Y1dVNclx/header-office-desk.jpg]
[www.asb.com/personal/schedule-of-fees.html]
[www.asb.com/assets/files/bjUnZFxx/header_calcs.jpg]
[www.asb.com/calculator/auto-rebate.html]
[www.asb.com/calculator/debt-amount.html]
[www.asb.com/calculator/student-rolldown.html]
[www.asb.com/calculator/debt-consolidate.html]
[www.asb.com/calculator/payoff-cc.html]
[www.asb.com/calculator/hsa-goal.html]
[www.asb.com/calculator/hsa-contribution.html]
[www.asb.com/calculator/hsa-savings.html]
[www.asb.com/calculator/hsa-vs-traditional.html]
[www.asb.com/calculator/life-insurance.html]
[www.asb.com/calculator/disability.html]
[www.asb.com/calculator/line-taxes.html]
[www.asb.com/calculator/simple-loan.html]
[www.asb.com/calculator/payment-options.html]
[www.asb.com/calculator/compare-loan.html]
[www.asb.com/calculator/payoff-line.html]
[www.asb.com/calculator/complex-loan.html]
[www.asb.com/calculator/enhanced-loan.html]
[www.asb.com/calculator/consolidate.html]
[www.asb.com/calculator/credit-line.html]
[www.asb.com/calculator/existing-loan.html]
[www.asb.com/calculator/bi-weekly.html]
[www.asb.com/calculator/mortgage-loan.html]
[www.asb.com/calculator/mortgage-taxes.html]
[www.asb.com/calculator/mortgage-adjustable.html]
[www.asb.com/calculator/mortgage-apr.html]
[www.asb.com/calculator/reverse-mortgage.html]
[www.asb.com/calculator/mortgage-payoff.html]
[www.asb.com/calculator/mortgage-points.html]
[www.asb.com/calculator/mortgage-qualifier.html]
[www.asb.com/calculator/mortgage-refinance.html]
[www.asb.com/calculator/mortgage-rent-vs-buy.html]
[www.asb.com/calculator/should-i-refi.html]
[www.asb.com/calculator/mortgage-compare.html]
[www.asb.com/calculator/credit-assessment.html]
[www.asb.com/calculator/net-worth.html]
[www.asb.com/calculator/checkbook.html]
[www.asb.com/calculator/home-budget.html]
[www.asb.com/calculator/roth-ira.html]
[www.asb.com/calculator/roth-transfer.html]
[www.asb.com/calculator/retire-401k.html]
[www.asb.com/calculator/regular-ira.html]
[www.asb.com/calculator/social-security.html]
[www.asb.com/calculator/retirement-plan.html]
[www.asb.com/calculator/compound-interest.html]
[www.asb.com/calculator/college-savings.html]
[www.asb.com/calculator/cert-deposit.html]
[www.asb.com/calculator/cd-ladder.html]
[www.asb.com/calculator/spend-less.html]
[www.asb.com/calculator/compound-savings.html]
[www.asb.com/calculator/millionaire.html]
[www.asb.com/calculator/savings.html]
[www.asb.com/calculator/emergency.html]
[www.asb.com/calculator/lunch-saver.html]
[www.asb.com/calculator/savings-variables.html]
[www.asb.com/calculator/tax1040.html]
[www.asb.com/calculator/tax-margin.html]
[www.asb.com/calculator/tax-ez1040.html]
[www.asb.com/financial-calculators.html]
[www.asb.com/assets/files/5n4NNw4q/header_woman-phone.jpg]
[www.asb.com/digital/digital-banking.html]
[www.asb.com/assets/files/JbGele4c/header_signing-docs.jpg]
[www.asb.com/digital/online-account-opening.html]
[www.asb.com/digital/telephone-banking.html]
[www.asb.com/assets/files/JIQszW2H/header-business-laptops-hands.jpg]
[www.asb.com/digital/online-banking-security-tips.html]
[www.asb.com/digital/zelle.html]
[www.asb.com/investor-relations/steele-bancshares-inc.html]
[www.asb.com/assets/files/DkD6jIYA/header-topic Patrick Mahomes.png]
[www.asb.com/investor-relations/american-state-bank-mahomes-partnership.html]
[www.asb.com/investor-relations/mahomes-nominated-for-walter-payton-nfl-man-of-the-year.html]
[www.asb.com/about/our-story.html]
[www.asb.com/about/careers.html]
[www.asb.com/assets/localization/en.json]
[www.asb.com/assets/files/WTWT3XEO/logo-moneypass.jpg]
[www.asb.com/assets/img/location-pins/branch.png]
[www.asb.com/assets/img/location-pins/atm.png]
[www.asb.com/assets/img/location-pins/pulse.png]
[www.asb.com/about/locations-and-atms.html]
[www.asb.com/assets/target/MultiComponentLocationView22e5.js]
[www.asb.com/assets/captcha/captcha-default.css]
[www.asb.com/assets/files/CQoHvLGR/subheader_business15.jpg]
[www.asb.com/secure-email-setup-instructions.html]
[www.asb.com/assets/target/captcha22e5.js]
[www.asb.com/about/contact-us.html]
[www.asb.com/assets/files/bQxNdmZV/header-family-outside-gathering.jpg]
[www.asb.com/about/types-of-support.html]
[www.asb.com/deposit-rates.html]
[www.asb.com/usa-patriot-act.html]
[www.asb.com/privacy-policy.html]
[www.asb.com/childrens-online-privacy-policy-protection-act.html]
[www.asb.com/consumer-complaint-notice.html]
[www.asb.com/terms-and-conditions.html]
[www.asb.com/sitemap-extended.xml]
[www.asb.com/sitemap.html]
[www.asb.com/app/index.html]
[www.asb.com/dist/audio/index.html]
[www.asb.com/dist/js/app.html]
[www.asb.com/indexde0b.html]
[www.asb.com/Trident/index.html]
[www.asb.com/indexdca0.html]
[www.asb.com/assets/calculators/KJE.css]
[www.asb.com/assets/css/KJESiteSpecific.css]
[www.asb.com/assets/calculators/KJE.js]
[www.asb.com/assets/js/KJESiteSpecific.js]
[www.asb.com/assets/calculators/AutoRebate.js]
[www.asb.com/assets/calculators/AutoRebateParams.js]
[www.asb.com/calculator/auto-rebate.html]
[www.asb.com/assets/calculators/DebtAmount.js]
[www.asb.com/assets/calculators/DebtAmountParams.js]
[www.asb.com/calculator/debt-amount.html]
[www.asb.com/assets/calculators/StudentRolldown.js]
[www.asb.com/assets/calculators/StudentRolldownParams.js]
[www.asb.com/calculator/student-rolldown.html]
[www.asb.com/assets/calculators/DebtConsolidate.js]
[www.asb.com/assets/calculators/DebtConsolidateParams.js]
[www.asb.com/calculator/debt-consolidate.html]
[www.asb.com/assets/calculators/PayoffCC.js]
[www.asb.com/assets/calculators/PayoffCCParams.js]
[www.asb.com/calculator/payoff-cc.html]
[www.asb.com/assets/calculators/HSAGoal.js]
[www.asb.com/assets/calculators/HSAGoalParams.js]
[www.asb.com/calculator/hsa-goal.html]
[www.asb.com/assets/calculators/HSAContribution.js]
[www.asb.com/assets/calculators/HSAContributionParams.js]
[www.asb.com/calculator/hsa-contribution.html]
[www.asb.com/assets/calculators/HSASavings.js]
[www.asb.com/assets/calculators/HSASavingsParams.js]
[www.asb.com/calculator/hsa-savings.html]
[www.asb.com/assets/calculators/HSAvsTraditional.js]
[www.asb.com/assets/calculators/HSAvsTraditionalParams.js]
[www.asb.com/calculator/hsa-vs-traditional.html]
[www.asb.com/assets/calculators/LifeInsurance.js]
[www.asb.com/assets/calculators/LifeInsuranceParams.js]
[www.asb.com/calculator/life-insurance.html]
[www.asb.com/assets/calculators/Disability.js]
[www.asb.com/assets/calculators/DisabilityParams.js]
[www.asb.com/calculator/disability.html]
[www.asb.com/assets/calculators/LineTaxes.js]
[www.asb.com/assets/calculators/LineTaxesParams.js]
[www.asb.com/calculator/line-taxes.html]
[www.asb.com/assets/calculators/SimpleLoan.js]
[www.asb.com/assets/calculators/SimpleLoanParams.js]
[www.asb.com/calculator/simple-loan.html]
[www.asb.com/assets/calculators/PaymentOptions.js]
[www.asb.com/assets/calculators/PaymentOptionsParams.js]
[www.asb.com/calculator/payment-options.html]
[www.asb.com/assets/calculators/CompareLoan.js]
[www.asb.com/assets/calculators/CompareLoanParams.js]
[www.asb.com/calculator/compare-loan.html]
[www.asb.com/assets/calculators/PayoffLine.js]
[www.asb.com/assets/calculators/PayoffLineParams.js]
[www.asb.com/calculator/payoff-line.html]
[www.asb.com/assets/calculators/ComplexLoan.js]
[www.asb.com/assets/calculators/ComplexLoanParams.js]
[www.asb.com/calculator/complex-loan.html]
[www.asb.com/assets/calculators/EnhancedLoan.js]
[www.asb.com/assets/calculators/EnhancedLoanParams.js]
[www.asb.com/calculator/enhanced-loan.html]
[www.asb.com/assets/calculators/Consolidate.js]
[www.asb.com/assets/calculators/ConsolidateParams.js]
[www.asb.com/calculator/consolidate.html]
[www.asb.com/assets/calculators/CreditLine.js]
[www.asb.com/assets/calculators/CreditLineParams.js]
[www.asb.com/calculator/credit-line.html]
[www.asb.com/assets/calculators/ExistingLoan.js]
[www.asb.com/assets/calculators/ExistingLoanParams.js]
[www.asb.com/calculator/existing-loan.html]
[www.asb.com/assets/calculators/Biweekly.js]
[www.asb.com/calculator/bi-weekly.html]
[www.asb.com/assets/calculators/BiweeklyParams.js]
[www.asb.com/assets/calculators/MortgageLoan.js]
[www.asb.com/assets/calculators/MortgageLoanParams.js]
[www.asb.com/calculator/mortgage-loan.html]
[www.asb.com/assets/calculators/MortgageTaxes.js]
[www.asb.com/assets/calculators/MortgageTaxesParams.js]
[www.asb.com/calculator/mortgage-taxes.html]
[www.asb.com/assets/calculators/MortgageAdjustable.js]
[www.asb.com/assets/calculators/MortgageAdjustableParams.js]
[www.asb.com/calculator/mortgage-adjustable.html]
[www.asb.com/assets/calculators/MortgageApr.js]
[www.asb.com/assets/calculators/MortgageAprParams.js]
[www.asb.com/calculator/mortgage-apr.html]
[www.asb.com/assets/calculators/ReverseMortgage.js]
[www.asb.com/assets/calculators/ReverseMortgageParams.js]
[www.asb.com/calculator/reverse-mortgage.html]
[www.asb.com/assets/calculators/MortgagePayoff.js]
[www.asb.com/assets/calculators/MortgagePayoffParams.js]
[www.asb.com/calculator/mortgage-payoff.html]
[www.asb.com/assets/calculators/MortgagePoints.js]
[www.asb.com/assets/calculators/MortgagePointsParams.js]
[www.asb.com/calculator/mortgage-points.html]
[www.asb.com/assets/calculators/MortgageQualifier.js]
[www.asb.com/assets/calculators/MortgageQualifierParams.js]
[www.asb.com/calculator/mortgage-qualifier.html]
[www.asb.com/assets/calculators/MortgageRefinance.js]
[www.asb.com/assets/calculators/MortgageRefinanceParams.js]
[www.asb.com/calculator/mortgage-refinance.html]
[www.asb.com/assets/calculators/MortgageRentvsBuy.js]
[www.asb.com/assets/calculators/MortgageRentvsBuyParams.js]
[www.asb.com/calculator/mortgage-rent-vs-buy.html]
[www.asb.com/assets/calculators/ShouldIRefi.js]
[www.asb.com/assets/calculators/ShouldIRefiParams.js]
[www.asb.com/calculator/should-i-refi.html]
[www.asb.com/assets/calculators/MortgageCompare.js]
[www.asb.com/assets/calculators/MortgageCompareParams.js]
[www.asb.com/calculator/mortgage-compare.html]
[www.asb.com/assets/calculators/CreditAssessment.js]
[www.asb.com/assets/calculators/CreditAssessmentParams.js]
[www.asb.com/calculator/credit-assessment.html]
[www.asb.com/assets/calculators/NetWorth.js]
[www.asb.com/assets/calculators/NetWorthParams.js]
[www.asb.com/calculator/net-worth.html]
[www.asb.com/assets/calculators/CheckBook.js]
[www.asb.com/assets/calculators/CheckBookParams.js]
[www.asb.com/calculator/checkbook.html]
[www.asb.com/assets/calculators/HomeBudget.js]
[www.asb.com/assets/calculators/HomeBudgetParams.js]
[www.asb.com/calculator/home-budget.html]
[www.asb.com/assets/calculators/RothIRA.js]
[www.asb.com/assets/calculators/RothIRAParams.js]
[www.asb.com/calculator/roth-ira.html]
[www.asb.com/assets/calculators/RothTransfer.js]
[www.asb.com/assets/calculators/RothTransferParams.js]
[www.asb.com/calculator/roth-transfer.html]
[www.asb.com/assets/calculators/Retire401k.js]
[www.asb.com/assets/calculators/Retire401kParams.js]
[www.asb.com/calculator/retire-401k.html]
[www.asb.com/assets/calculators/RegularIRA.js]
[www.asb.com/assets/calculators/RegularIRAParams.js]
[www.asb.com/calculator/regular-ira.html]
[www.asb.com/assets/calculators/SocialSecurity.js]
[www.asb.com/assets/calculators/SocialSecurityParams.js]
[www.asb.com/calculator/social-security.html]
[www.asb.com/assets/calculators/RetirementPlan.js]
[www.asb.com/assets/calculators/RetirementPlanParams.js]
[www.asb.com/calculator/retirement-plan.html]
[www.asb.com/assets/calculators/CompoundInterest.js]
[www.asb.com/assets/calculators/CompoundInterestParams.js]
[www.asb.com/calculator/compound-interest.html]
[www.asb.com/assets/calculators/CollegeSavings.js]
[www.asb.com/assets/calculators/CollegeSavingsParams.js]
[www.asb.com/calculator/college-savings.html]
[www.asb.com/assets/calculators/CertDeposit.js]
[www.asb.com/assets/calculators/CertDepositParams.js]
[www.asb.com/calculator/cert-deposit.html]
[www.asb.com/assets/calculators/CDLadder.js]
[www.asb.com/assets/calculators/CDLadderParams.js]
[www.asb.com/calculator/cd-ladder.html]
[www.asb.com/assets/calculators/SpendLess.js]
[www.asb.com/assets/calculators/SpendLessParams.js]
[www.asb.com/calculator/spend-less.html]
[www.asb.com/assets/calculators/CompoundSavings.js]
[www.asb.com/assets/calculators/CompoundSavingsParams.js]
[www.asb.com/calculator/compound-savings.html]
[www.asb.com/assets/calculators/Millionaire.js]
[www.asb.com/assets/calculators/MillionaireParams.js]
[www.asb.com/calculator/millionaire.html]
[www.asb.com/assets/calculators/Savings.js]
[www.asb.com/assets/calculators/SavingsParams.js]
[www.asb.com/calculator/savings.html]
[www.asb.com/assets/calculators/Emergency.js]
[www.asb.com/assets/calculators/EmergencyParams.js]
[www.asb.com/calculator/emergency.html]
[www.asb.com/assets/calculators/LunchSaver.js]
[www.asb.com/assets/calculators/LunchSaverParams.js]
[www.asb.com/calculator/lunch-saver.html]
[www.asb.com/assets/calculators/SavingsVariables.js]
[www.asb.com/assets/calculators/SavingsVariablesParams.js]
[www.asb.com/calculator/savings-variables.html]
[www.asb.com/assets/calculators/Tax1040.js]
[www.asb.com/assets/calculators/Tax1040Params.js]
[www.asb.com/calculator/tax1040.html]
[www.asb.com/assets/calculators/TaxMargin.js]
[www.asb.com/assets/calculators/TaxMarginParams.js]
[www.asb.com/calculator/tax-margin.html]
[www.asb.com/assets/calculators/TaxEZ1040.js]
[www.asb.com/assets/calculators/TaxEZ1040Params.js]
[www.asb.com/calculator/tax-ez1040.html]
[www.asb.com/assets/captcha/captcha-default.css]
[www.asb.com/secure-email-setup-instructions.html]
[www.asb.com/assets/calculators/KJE.css]
[www.asb.com/assets/css/KJESiteSpecific.css]
